Form submitted
Form submitted
Form submitted
Form submitted
Form submitted
Form submitted
Form submitted
debug level 2; message: Invalid address:  (Reply-To): 
Message could not be sent. Mailer Error: Invalid address:  (Reply-To): 
Form submitted
debug level 2; message: SERVER -> CLIENT: 220 smtp.gmail.com ESMTP d2e1a72fcca58-70b7eb9c950sm180893b3a.26 - gsmtp

debug level 1; message: CLIENT -> SERVER: EHLO localhost

debug level 2; message: SERVER -> CLIENT: 250-smtp.gmail.com at your service, [139.5.71.154]
250-SIZE 35882577
250-8BITMIME
250-STARTTLS
250-ENHANCEDSTATUSCODES
250-PIPELINING
250-CHUNKING
250 SMTPUTF8

debug level 1; message: CLIENT -> SERVER: STARTTLS

debug level 2; message: SERVER -> CLIENT: 220 2.0.0 Ready to start TLS

debug level 1; message: CLIENT -> SERVER: EHLO localhost

debug level 2; message: SERVER -> CLIENT: 250-smtp.gmail.com at your service, [139.5.71.154]
250-SIZE 35882577
250-8BITMIME
250-AUTH LOGIN PLAIN XOAUTH2 PLAIN-CLIENTTOKEN OAUTHBEARER XOAUTH
250-ENHANCEDSTATUSCODES
250-PIPELINING
250-CHUNKING
250 SMTPUTF8

debug level 1; message: CLIENT -> SERVER: AUTH LOGIN

debug level 2; message: SERVER -> CLIENT: 334 VXNlcm5hbWU6

debug level 1; message: CLIENT -> SERVER: [credentials hidden]
debug level 2; message: SERVER -> CLIENT: 334 UGFzc3dvcmQ6

debug level 1; message: CLIENT -> SERVER: [credentials hidden]
debug level 2; message: SERVER -> CLIENT: 535-5.7.8 Username and Password not accepted. For more information, go to
535 5.7.8  https://support.google.com/mail/?p=BadCredentials d2e1a72fcca58-70b7eb9c950sm180893b3a.26 - gsmtp

debug level 1; message: SMTP ERROR: Password command failed: 535-5.7.8 Username and Password not accepted. For more information, go to
535 5.7.8  https://support.google.com/mail/?p=BadCredentials d2e1a72fcca58-70b7eb9c950sm180893b3a.26 - gsmtp

debug level 2; message: SMTP Error: Could not authenticate.
debug level 1; message: CLIENT -> SERVER: QUIT

debug level 2; message: SERVER -> CLIENT: 221 2.0.0 closing connection d2e1a72fcca58-70b7eb9c950sm180893b3a.26 - gsmtp

debug level 2; message: SMTP Error: Could not authenticate.
Message could not be sent. Mailer Error: SMTP Error: Could not authenticate.
Form submitted
debug level 2; message: Invalid address:  (Reply-To): 
Message could not be sent. Mailer Error: Invalid address:  (Reply-To): 
Form submitted
debug level 2; message: Invalid address:  (Reply-To): 
Message could not be sent. Mailer Error: Invalid address:  (Reply-To): 
Form submitted
debug level 2; message: SERVER -> CLIENT: 220 smtp.gmail.com ESMTP d9443c01a7336-1fc0bb74e7csm780285ad.16 - gsmtp

debug level 1; message: CLIENT -> SERVER: EHLO localhost

debug level 2; message: SERVER -> CLIENT: 250-smtp.gmail.com at your service, [139.5.71.154]
250-SIZE 35882577
250-8BITMIME
250-STARTTLS
250-ENHANCEDSTATUSCODES
250-PIPELINING
250-CHUNKING
250 SMTPUTF8

debug level 1; message: CLIENT -> SERVER: STARTTLS

debug level 2; message: SERVER -> CLIENT: 220 2.0.0 Ready to start TLS

debug level 1; message: CLIENT -> SERVER: EHLO localhost

debug level 2; message: SERVER -> CLIENT: 250-smtp.gmail.com at your service, [139.5.71.154]
250-SIZE 35882577
250-8BITMIME
250-AUTH LOGIN PLAIN XOAUTH2 PLAIN-CLIENTTOKEN OAUTHBEARER XOAUTH
250-ENHANCEDSTATUSCODES
250-PIPELINING
250-CHUNKING
250 SMTPUTF8

debug level 1; message: CLIENT -> SERVER: AUTH LOGIN

debug level 2; message: SERVER -> CLIENT: 334 VXNlcm5hbWU6

debug level 1; message: CLIENT -> SERVER: [credentials hidden]
debug level 2; message: SERVER -> CLIENT: 334 UGFzc3dvcmQ6

debug level 1; message: CLIENT -> SERVER: [credentials hidden]
debug level 2; message: SERVER -> CLIENT: 535-5.7.8 Username and Password not accepted. For more information, go to
535 5.7.8  https://support.google.com/mail/?p=BadCredentials d9443c01a7336-1fc0bb74e7csm780285ad.16 - gsmtp

debug level 1; message: SMTP ERROR: Password command failed: 535-5.7.8 Username and Password not accepted. For more information, go to
535 5.7.8  https://support.google.com/mail/?p=BadCredentials d9443c01a7336-1fc0bb74e7csm780285ad.16 - gsmtp

debug level 2; message: SMTP Error: Could not authenticate.
debug level 1; message: CLIENT -> SERVER: QUIT

debug level 2; message: SERVER -> CLIENT: 221 2.0.0 closing connection d9443c01a7336-1fc0bb74e7csm780285ad.16 - gsmtp

debug level 2; message: SMTP Error: Could not authenticate.
Message could not be sent. Mailer Error: SMTP Error: Could not authenticate.
Form submitted
debug level 2; message: SERVER -> CLIENT: 220 smtp.gmail.com ESMTP d9443c01a7336-1fc0bc3cec8sm820225ad.214 - gsmtp

debug level 1; message: CLIENT -> SERVER: EHLO localhost

debug level 2; message: SERVER -> CLIENT: 250-smtp.gmail.com at your service, [139.5.71.154]
250-SIZE 35882577
250-8BITMIME
250-STARTTLS
250-ENHANCEDSTATUSCODES
250-PIPELINING
250-CHUNKING
250 SMTPUTF8

debug level 1; message: CLIENT -> SERVER: STARTTLS

debug level 2; message: SERVER -> CLIENT: 220 2.0.0 Ready to start TLS

debug level 1; message: CLIENT -> SERVER: EHLO localhost

debug level 2; message: SERVER -> CLIENT: 250-smtp.gmail.com at your service, [139.5.71.154]
250-SIZE 35882577
250-8BITMIME
250-AUTH LOGIN PLAIN XOAUTH2 PLAIN-CLIENTTOKEN OAUTHBEARER XOAUTH
250-ENHANCEDSTATUSCODES
250-PIPELINING
250-CHUNKING
250 SMTPUTF8

debug level 1; message: CLIENT -> SERVER: AUTH LOGIN

debug level 2; message: SERVER -> CLIENT: 334 VXNlcm5hbWU6

debug level 1; message: CLIENT -> SERVER: [credentials hidden]
debug level 2; message: SERVER -> CLIENT: 334 UGFzc3dvcmQ6

debug level 1; message: CLIENT -> SERVER: [credentials hidden]
debug level 2; message: SERVER -> CLIENT: 535-5.7.8 Username and Password not accepted. For more information, go to
535 5.7.8  https://support.google.com/mail/?p=BadCredentials d9443c01a7336-1fc0bc3cec8sm820225ad.214 - gsmtp

debug level 1; message: SMTP ERROR: Password command failed: 535-5.7.8 Username and Password not accepted. For more information, go to
535 5.7.8  https://support.google.com/mail/?p=BadCredentials d9443c01a7336-1fc0bc3cec8sm820225ad.214 - gsmtp

debug level 2; message: SMTP Error: Could not authenticate.
debug level 1; message: CLIENT -> SERVER: QUIT

debug level 2; message: SERVER -> CLIENT: 221 2.0.0 closing connection d9443c01a7336-1fc0bc3cec8sm820225ad.214 - gsmtp

debug level 2; message: SMTP Error: Could not authenticate.
Message could not be sent. Mailer Error: SMTP Error: Could not authenticate.
Form submitted
debug level 2; message: SERVER -> CLIENT: 220 smtp.gmail.com ESMTP 41be03b00d2f7-78e34864af4sm98421a12.41 - gsmtp

debug level 1; message: CLIENT -> SERVER: EHLO localhost

debug level 2; message: SERVER -> CLIENT: 250-smtp.gmail.com at your service, [139.5.71.154]
250-SIZE 35882577
250-8BITMIME
250-STARTTLS
250-ENHANCEDSTATUSCODES
250-PIPELINING
250-CHUNKING
250 SMTPUTF8

debug level 1; message: CLIENT -> SERVER: STARTTLS

debug level 2; message: SERVER -> CLIENT: 220 2.0.0 Ready to start TLS

debug level 1; message: CLIENT -> SERVER: EHLO localhost

debug level 2; message: SERVER -> CLIENT: 250-smtp.gmail.com at your service, [139.5.71.154]
250-SIZE 35882577
250-8BITMIME
250-AUTH LOGIN PLAIN XOAUTH2 PLAIN-CLIENTTOKEN OAUTHBEARER XOAUTH
250-ENHANCEDSTATUSCODES
250-PIPELINING
250-CHUNKING
250 SMTPUTF8

debug level 1; message: CLIENT -> SERVER: AUTH LOGIN

debug level 2; message: SERVER -> CLIENT: 334 VXNlcm5hbWU6

debug level 1; message: CLIENT -> SERVER: [credentials hidden]
debug level 2; message: SERVER -> CLIENT: 334 UGFzc3dvcmQ6

debug level 1; message: CLIENT -> SERVER: [credentials hidden]
debug level 2; message: SERVER -> CLIENT: 535-5.7.8 Username and Password not accepted. For more information, go to
535 5.7.8  https://support.google.com/mail/?p=BadCredentials 41be03b00d2f7-78e34864af4sm98421a12.41 - gsmtp

debug level 1; message: SMTP ERROR: Password command failed: 535-5.7.8 Username and Password not accepted. For more information, go to
535 5.7.8  https://support.google.com/mail/?p=BadCredentials 41be03b00d2f7-78e34864af4sm98421a12.41 - gsmtp

debug level 2; message: SMTP Error: Could not authenticate.
debug level 1; message: CLIENT -> SERVER: QUIT

debug level 2; message: SERVER -> CLIENT: 221 2.0.0 closing connection 41be03b00d2f7-78e34864af4sm98421a12.41 - gsmtp

debug level 2; message: SMTP Error: Could not authenticate.
Message could not be sent. Mailer Error: SMTP Error: Could not authenticate.
Form submitted
debug level 2; message: Invalid address:  (Reply-To): 
Message could not be sent. Mailer Error: Invalid address:  (Reply-To): 
Form submitted
debug level 2; message: SERVER -> CLIENT: 220 smtp.gmail.com ESMTP 98e67ed59e1d1-2cacd2d08bbsm2237206a91.12 - gsmtp

debug level 1; message: CLIENT -> SERVER: EHLO localhost

debug level 2; message: SERVER -> CLIENT: 250-smtp.gmail.com at your service, [139.5.71.154]
250-SIZE 35882577
250-8BITMIME
250-STARTTLS
250-ENHANCEDSTATUSCODES
250-PIPELINING
250-CHUNKING
250 SMTPUTF8

debug level 1; message: CLIENT -> SERVER: STARTTLS

debug level 2; message: SERVER -> CLIENT: 220 2.0.0 Ready to start TLS

debug level 1; message: CLIENT -> SERVER: EHLO localhost

debug level 2; message: SERVER -> CLIENT: 250-smtp.gmail.com at your service, [139.5.71.154]
250-SIZE 35882577
250-8BITMIME
250-AUTH LOGIN PLAIN XOAUTH2 PLAIN-CLIENTTOKEN OAUTHBEARER XOAUTH
250-ENHANCEDSTATUSCODES
250-PIPELINING
250-CHUNKING
250 SMTPUTF8

debug level 1; message: CLIENT -> SERVER: AUTH LOGIN

debug level 2; message: SERVER -> CLIENT: 334 VXNlcm5hbWU6

debug level 1; message: CLIENT -> SERVER: [credentials hidden]
debug level 2; message: SERVER -> CLIENT: 334 UGFzc3dvcmQ6

debug level 1; message: CLIENT -> SERVER: [credentials hidden]
debug level 2; message: SERVER -> CLIENT: 535-5.7.8 Username and Password not accepted. For more information, go to
535 5.7.8  https://support.google.com/mail/?p=BadCredentials 98e67ed59e1d1-2cacd2d08bbsm2237206a91.12 - gsmtp

debug level 1; message: SMTP ERROR: Password command failed: 535-5.7.8 Username and Password not accepted. For more information, go to
535 5.7.8  https://support.google.com/mail/?p=BadCredentials 98e67ed59e1d1-2cacd2d08bbsm2237206a91.12 - gsmtp

debug level 2; message: SMTP Error: Could not authenticate.
debug level 1; message: CLIENT -> SERVER: QUIT

debug level 2; message: SERVER -> CLIENT: 221 2.0.0 closing connection 98e67ed59e1d1-2cacd2d08bbsm2237206a91.12 - gsmtp

debug level 2; message: SMTP Error: Could not authenticate.
Message could not be sent. Mailer Error: SMTP Error: Could not authenticate.
Form submitted
debug level 2; message: Invalid address:  (Reply-To): 
Message could not be sent. Mailer Error: Invalid address:  (Reply-To): 
Form submitted
debug level 2; message: Invalid address:  (Reply-To): 
Message could not be sent. Mailer Error: Invalid address:  (Reply-To): 
Form submitted
debug level 2; message: Invalid address:  (Reply-To): 
Message could not be sent. Mailer Error: Invalid address:  (Reply-To): 
Form submitted
debug level 2; message: SERVER -> CLIENT: 220 smtp.gmail.com ESMTP d9443c01a7336-1fc0bc505basm1085205ad.270 - gsmtp

debug level 1; message: CLIENT -> SERVER: EHLO localhost

debug level 2; message: SERVER -> CLIENT: 250-smtp.gmail.com at your service, [139.5.71.154]
250-SIZE 35882577
250-8BITMIME
250-STARTTLS
250-ENHANCEDSTATUSCODES
250-PIPELINING
250-CHUNKING
250 SMTPUTF8

debug level 1; message: CLIENT -> SERVER: STARTTLS

debug level 2; message: SERVER -> CLIENT: 220 2.0.0 Ready to start TLS

debug level 1; message: CLIENT -> SERVER: EHLO localhost

debug level 2; message: SERVER -> CLIENT: 250-smtp.gmail.com at your service, [139.5.71.154]
250-SIZE 35882577
250-8BITMIME
250-AUTH LOGIN PLAIN XOAUTH2 PLAIN-CLIENTTOKEN OAUTHBEARER XOAUTH
250-ENHANCEDSTATUSCODES
250-PIPELINING
250-CHUNKING
250 SMTPUTF8

debug level 1; message: CLIENT -> SERVER: AUTH LOGIN

debug level 2; message: SERVER -> CLIENT: 334 VXNlcm5hbWU6

debug level 1; message: CLIENT -> SERVER: [credentials hidden]
debug level 2; message: SERVER -> CLIENT: 334 UGFzc3dvcmQ6

debug level 1; message: CLIENT -> SERVER: [credentials hidden]
debug level 2; message: SERVER -> CLIENT: 535-5.7.8 Username and Password not accepted. For more information, go to
535 5.7.8  https://support.google.com/mail/?p=BadCredentials d9443c01a7336-1fc0bc505basm1085205ad.270 - gsmtp

debug level 1; message: SMTP ERROR: Password command failed: 535-5.7.8 Username and Password not accepted. For more information, go to
535 5.7.8  https://support.google.com/mail/?p=BadCredentials d9443c01a7336-1fc0bc505basm1085205ad.270 - gsmtp

debug level 2; message: SMTP Error: Could not authenticate.
debug level 1; message: CLIENT -> SERVER: QUIT

debug level 2; message: SERVER -> CLIENT: 221 2.0.0 closing connection d9443c01a7336-1fc0bc505basm1085205ad.270 - gsmtp

debug level 2; message: SMTP Error: Could not authenticate.
Message could not be sent. Mailer Error: SMTP Error: Could not authenticate.
Form submitted
debug level 2; message: Invalid address:  (Reply-To): 
Message could not be sent. Mailer Error: Invalid address:  (Reply-To): 
Form submitted
debug level 2; message: Invalid address:  (Reply-To): 
Message could not be sent. Mailer Error: Invalid address:  (Reply-To): 
Form submitted
debug level 2; message: Invalid address:  (Reply-To): 
Message could not be sent. Mailer Error: Invalid address:  (Reply-To): 
Form submitted
debug level 2; message: Invalid address:  (Reply-To): 
Message could not be sent. Mailer Error: Invalid address:  (Reply-To): 
Form submitted
debug level 2; message: SERVER -> CLIENT: 220 smtp.gmail.com ESMTP d9443c01a7336-1fc0bbc25d2sm1173835ad.100 - gsmtp

debug level 1; message: CLIENT -> SERVER: EHLO localhost

debug level 2; message: SERVER -> CLIENT: 250-smtp.gmail.com at your service, [139.5.71.154]
250-SIZE 35882577
250-8BITMIME
250-STARTTLS
250-ENHANCEDSTATUSCODES
250-PIPELINING
250-CHUNKING
250 SMTPUTF8

debug level 1; message: CLIENT -> SERVER: STARTTLS

debug level 2; message: SERVER -> CLIENT: 220 2.0.0 Ready to start TLS

debug level 1; message: CLIENT -> SERVER: EHLO localhost

debug level 2; message: SERVER -> CLIENT: 250-smtp.gmail.com at your service, [139.5.71.154]
250-SIZE 35882577
250-8BITMIME
250-AUTH LOGIN PLAIN XOAUTH2 PLAIN-CLIENTTOKEN OAUTHBEARER XOAUTH
250-ENHANCEDSTATUSCODES
250-PIPELINING
250-CHUNKING
250 SMTPUTF8

debug level 1; message: CLIENT -> SERVER: AUTH LOGIN

debug level 2; message: SERVER -> CLIENT: 334 VXNlcm5hbWU6

debug level 1; message: CLIENT -> SERVER: [credentials hidden]
debug level 2; message: SERVER -> CLIENT: 334 UGFzc3dvcmQ6

debug level 1; message: CLIENT -> SERVER: [credentials hidden]
debug level 2; message: SERVER -> CLIENT: 535-5.7.8 Username and Password not accepted. For more information, go to
535 5.7.8  https://support.google.com/mail/?p=BadCredentials d9443c01a7336-1fc0bbc25d2sm1173835ad.100 - gsmtp

debug level 1; message: SMTP ERROR: Password command failed: 535-5.7.8 Username and Password not accepted. For more information, go to
535 5.7.8  https://support.google.com/mail/?p=BadCredentials d9443c01a7336-1fc0bbc25d2sm1173835ad.100 - gsmtp

debug level 2; message: SMTP Error: Could not authenticate.
debug level 1; message: CLIENT -> SERVER: QUIT

debug level 2; message: SERVER -> CLIENT: 221 2.0.0 closing connection d9443c01a7336-1fc0bbc25d2sm1173835ad.100 - gsmtp

debug level 2; message: SMTP Error: Could not authenticate.
Message could not be sent. Mailer Error: SMTP Error: Could not authenticate.
Contact form submitted
Message could not be sent. Mailer Error: Invalid address:  (Reply-To): 
Contact form submitted
Message could not be sent. Mailer Error: SMTP Error: Could not authenticate.
